// Jest Snapshot v1, https://goo.gl/fbAQLP

exports[`Layout footer renders correctly 1`] = `
Object {
  "asFragment": [Function],
  "baseElement": <body>
    <div>
      <div
        class=""
        style="min-width: 0; flex-basis: 0px;"
      >
        <nav
          class="cnoL3W uui-main_menu uui-mainmenu-container XHDzBR"
        >
          <div
            class="jR0uTv _3W15HW"
          >
            <div
              class="uui-flex-row XTYWVA iqWEr6"
            >
              <div
                data-testid="footer-logo-image"
              >
                <a
                  aria-disabled="true"
                  class="uui-button-box uui-disabled -clickable uui-anchor wCHoFl VmWL2z"
                  tabindex="-1"
                >
                  <img
                    alt="Main Menu Logo"
                    class="gL4W-Y"
                    src="/artograd.logo.svg"
                  />
                </a>
              </div>
              <div
                class="_6SHr2j"
              />
              <span
                class="uui-button-box uui-enabled l7dxYC _0RZWZH"
                role="menuitem"
                tabindex="-1"
              >
                <div
                  class="uui-caption"
                >
                  © 1993—2024 EPAM Systems. All Rights Reserved.
                </div>
              </span>
              <div
                class="_6SHr2j"
              />
              <button
                class="uui-button-box uui-enabled -clickable l7dxYC _0RZWZH footerLink"
                role="menuitem"
                tabindex="0"
                type="button"
              >
                <div
                  class="uui-caption"
                >
                  Meet the team
                </div>
              </button>
              <button
                class="uui-button-box uui-enabled -clickable l7dxYC _0RZWZH footerLink"
                role="menuitem"
                tabindex="0"
                type="button"
              >
                <div
                  class="uui-caption"
                >
                  Privacy policy
                </div>
              </button>
              <button
                class="uui-button-box uui-enabled -clickable l7dxYC _0RZWZH footerLink"
                role="menuitem"
                tabindex="0"
                type="button"
              >
                <div
                  class="uui-caption"
                >
                  Cookies policy
                </div>
              </button>
            </div>
          </div>
        </nav>
      </div>
    </div>
  </body>,
  "container": <div>
    <div
      class=""
      style="min-width: 0; flex-basis: 0px;"
    >
      <nav
        class="cnoL3W uui-main_menu uui-mainmenu-container XHDzBR"
      >
        <div
          class="jR0uTv _3W15HW"
        >
          <div
            class="uui-flex-row XTYWVA iqWEr6"
          >
            <div
              data-testid="footer-logo-image"
            >
              <a
                aria-disabled="true"
                class="uui-button-box uui-disabled -clickable uui-anchor wCHoFl VmWL2z"
                tabindex="-1"
              >
                <img
                  alt="Main Menu Logo"
                  class="gL4W-Y"
                  src="/artograd.logo.svg"
                />
              </a>
            </div>
            <div
              class="_6SHr2j"
            />
            <span
              class="uui-button-box uui-enabled l7dxYC _0RZWZH"
              role="menuitem"
              tabindex="-1"
            >
              <div
                class="uui-caption"
              >
                © 1993—2024 EPAM Systems. All Rights Reserved.
              </div>
            </span>
            <div
              class="_6SHr2j"
            />
            <button
              class="uui-button-box uui-enabled -clickable l7dxYC _0RZWZH footerLink"
              role="menuitem"
              tabindex="0"
              type="button"
            >
              <div
                class="uui-caption"
              >
                Meet the team
              </div>
            </button>
            <button
              class="uui-button-box uui-enabled -clickable l7dxYC _0RZWZH footerLink"
              role="menuitem"
              tabindex="0"
              type="button"
            >
              <div
                class="uui-caption"
              >
                Privacy policy
              </div>
            </button>
            <button
              class="uui-button-box uui-enabled -clickable l7dxYC _0RZWZH footerLink"
              role="menuitem"
              tabindex="0"
              type="button"
            >
              <div
                class="uui-caption"
              >
                Cookies policy
              </div>
            </button>
          </div>
        </div>
      </nav>
    </div>
  </div>,
  "debug": [Function],
  "findAllByAltText": [Function],
  "findAllByAria": [Function],
  "findAllByDisplayValue": [Function],
  "findAllByLabelText": [Function],
  "findAllByPlaceholderText": [Function],
  "findAllByRole": [Function],
  "findAllByRoleAndText": [Function],
  "findAllByTestId": [Function],
  "findAllByText": [Function],
  "findAllByTitle": [Function],
  "findByAltText": [Function],
  "findByAria": [Function],
  "findByDisplayValue": [Function],
  "findByLabelText": [Function],
  "findByPlaceholderText": [Function],
  "findByRole": [Function],
  "findByRoleAndText": [Function],
  "findByTestId": [Function],
  "findByText": [Function],
  "findByTitle": [Function],
  "getAllByAltText": [Function],
  "getAllByAria": [Function],
  "getAllByDisplayValue": [Function],
  "getAllByLabelText": [Function],
  "getAllByPlaceholderText": [Function],
  "getAllByRole": [Function],
  "getAllByRoleAndText": [Function],
  "getAllByTestId": [Function],
  "getAllByText": [Function],
  "getAllByTitle": [Function],
  "getByAltText": [Function],
  "getByAria": [Function],
  "getByDisplayValue": [Function],
  "getByLabelText": [Function],
  "getByPlaceholderText": [Function],
  "getByRole": [Function],
  "getByRoleAndText": [Function],
  "getByTestId": [Function],
  "getByText": [Function],
  "getByTitle": [Function],
  "queryAllByAltText": [Function],
  "queryAllByAria": [Function],
  "queryAllByDisplayValue": [Function],
  "queryAllByLabelText": [Function],
  "queryAllByPlaceholderText": [Function],
  "queryAllByRole": [Function],
  "queryAllByRoleAndText": [Function],
  "queryAllByTestId": [Function],
  "queryAllByText": [Function],
  "queryAllByTitle": [Function],
  "queryByAltText": [Function],
  "queryByAria": [Function],
  "queryByDisplayValue": [Function],
  "queryByLabelText": [Function],
  "queryByPlaceholderText": [Function],
  "queryByRole": [Function],
  "queryByRoleAndText": [Function],
  "queryByTestId": [Function],
  "queryByText": [Function],
  "queryByTitle": [Function],
  "rerender": [Function],
  "unmount": [Function],
}
`;
